fa7brands0 FontAwesome7Brands-Regular "fa7brands0 ReEncodeFont" <[fa7brands0.enc <FontAwesome7Brands-Regular.pfb
fa7brands1 FontAwesome7Brands-Regular "fa7brands1 ReEncodeFont" <[fa7brands1.enc <FontAwesome7Brands-Regular.pfb
fa7brands2 FontAwesome7Brands-Regular "fa7brands2 ReEncodeFont" <[fa7brands2.enc <FontAwesome7Brands-Regular.pfb
fa7free0regular FontAwesome7Free-Regular "fa7free0regular ReEncodeFont" <[fa7free0_regular.enc <FontAwesome7Free-Regular.pfb
fa7free0solid FontAwesome7Free-Solid "fa7free0solid ReEncodeFont" <[fa7free0_solid.enc <FontAwesome7Free-Solid.pfb
fa7free1regular FontAwesome7Free-Regular "fa7free1regular ReEncodeFont" <[fa7free1_regular.enc <FontAwesome7Free-Regular.pfb
fa7free1solid FontAwesome7Free-Solid "fa7free1solid ReEncodeFont" <[fa7free1_solid.enc <FontAwesome7Free-Solid.pfb
fa7free2regular FontAwesome7Free-Regular "fa7free2regular ReEncodeFont" <[fa7free2_regular.enc <FontAwesome7Free-Regular.pfb
fa7free2solid FontAwesome7Free-Solid "fa7free2solid ReEncodeFont" <[fa7free2_solid.enc <FontAwesome7Free-Solid.pfb
fa7free3regular FontAwesome7Free-Regular "fa7free3regular ReEncodeFont" <[fa7free3_regular.enc <FontAwesome7Free-Regular.pfb
fa7free3solid FontAwesome7Free-Solid "fa7free3solid ReEncodeFont" <[fa7free3_solid.enc <FontAwesome7Free-Solid.pfb
fa7free4regular FontAwesome7Free-Regular "fa7free4regular ReEncodeFont" <[fa7free4_regular.enc <FontAwesome7Free-Regular.pfb
fa7free4solid FontAwesome7Free-Solid "fa7free4solid ReEncodeFont" <[fa7free4_solid.enc <FontAwesome7Free-Solid.pfb
fa7free5regular FontAwesome7Free-Regular "fa7free5regular ReEncodeFont" <[fa7free5_regular.enc <FontAwesome7Free-Regular.pfb
fa7free5solid FontAwesome7Free-Solid "fa7free5solid ReEncodeFont" <[fa7free5_solid.enc <FontAwesome7Free-Solid.pfb
